// Jest Snapshot v1, https://goo.gl/fbAQLP

exports[`Tooltip component 
  position: "bottom", tooltip: "Sample string"
 1`] = `
<PopperWrapper
  appendToBody={true}
  closeOnBackdropClick={true}
  hide={true}
  hoverable={true}
  offset="medium"
  on="hover"
  onToggle={[Function]}
  open={false}
  placement="bottom"
  style={Object {}}
  trigger={
    <Button>
      Button
    </Button>
  }
>
  <div
    className="Tooltip"
  >
    Sample string
  </div>
</PopperWrapper>
`;

exports[`Tooltip component 
  position: "bottom-end", tooltip: "Sample string"
 1`] = `
<PopperWrapper
  appendToBody={true}
  closeOnBackdropClick={true}
  hide={true}
  hoverable={true}
  offset="medium"
  on="hover"
  onToggle={[Function]}
  open={false}
  placement="bottom-end"
  style={Object {}}
  trigger={
    <Button>
      Button
    </Button>
  }
>
  <div
    className="Tooltip"
  >
    Sample string
  </div>
</PopperWrapper>
`;

exports[`Tooltip component 
  position: "bottom-start", tooltip: "Sample string"
 1`] = `
<PopperWrapper
  appendToBody={true}
  closeOnBackdropClick={true}
  hide={true}
  hoverable={true}
  offset="medium"
  on="hover"
  onToggle={[Function]}
  open={false}
  placement="bottom-start"
  style={Object {}}
  trigger={
    <Button>
      Button
    </Button>
  }
>
  <div
    className="Tooltip"
  >
    Sample string
  </div>
</PopperWrapper>
`;

exports[`Tooltip component 
  position: "left", tooltip: "Sample string"
 1`] = `
<PopperWrapper
  appendToBody={true}
  closeOnBackdropClick={true}
  hide={true}
  hoverable={true}
  offset="medium"
  on="hover"
  onToggle={[Function]}
  open={false}
  placement="left"
  style={Object {}}
  trigger={
    <Button>
      Button
    </Button>
  }
>
  <div
    className="Tooltip"
  >
    Sample string
  </div>
</PopperWrapper>
`;

exports[`Tooltip component 
  position: "right", tooltip: "Sample string"
 1`] = `
<PopperWrapper
  appendToBody={true}
  closeOnBackdropClick={true}
  hide={true}
  hoverable={true}
  offset="medium"
  on="hover"
  onToggle={[Function]}
  open={false}
  placement="right"
  style={Object {}}
  trigger={
    <Button>
      Button
    </Button>
  }
>
  <div
    className="Tooltip"
  >
    Sample string
  </div>
</PopperWrapper>
`;

exports[`Tooltip component 
  position: "top", tooltip: "Sample string"
 1`] = `
<PopperWrapper
  appendToBody={true}
  closeOnBackdropClick={true}
  hide={true}
  hoverable={true}
  offset="medium"
  on="hover"
  onToggle={[Function]}
  open={false}
  placement="top"
  style={Object {}}
  trigger={
    <Button>
      Button
    </Button>
  }
>
  <div
    className="Tooltip"
  >
    Sample string
  </div>
</PopperWrapper>
`;

exports[`Tooltip component 
  position: "top-end", tooltip: "Sample string"
 1`] = `
<PopperWrapper
  appendToBody={true}
  closeOnBackdropClick={true}
  hide={true}
  hoverable={true}
  offset="medium"
  on="hover"
  onToggle={[Function]}
  open={false}
  placement="top-end"
  style={Object {}}
  trigger={
    <Button>
      Button
    </Button>
  }
>
  <div
    className="Tooltip"
  >
    Sample string
  </div>
</PopperWrapper>
`;

exports[`Tooltip component 
  position: "top-start", tooltip: "Sample string"
 1`] = `
<PopperWrapper
  appendToBody={true}
  closeOnBackdropClick={true}
  hide={true}
  hoverable={true}
  offset="medium"
  on="hover"
  onToggle={[Function]}
  open={false}
  placement="top-start"
  style={Object {}}
  trigger={
    <Button>
      Button
    </Button>
  }
>
  <div
    className="Tooltip"
  >
    Sample string
  </div>
</PopperWrapper>
`;
